>>> print_square = __import__('4-print_square').print_square

#Case 1: Integer argument
>>> print_square(4)
####
####
####
####

#Case 2: Float argument
>>> print_square(7.3)
Traceback (most recent call last):
  	...
TypeError: size must be an integer

#Case 3: Negative integer argument
>>> print_square(-1)
Traceback (most recent call last):
  	...
ValueError: size must be >= 0

#Case 4: Zero Argument
>>> print_square(0)

#Case 5: String Argument
>>> print_square("hello")
Traceback (most recent call last):
  	...
TypeError: size must be an integer

#Case 6: None argument
>>> print_square(None)
Traceback (most recent call last):
  	...
TypeError: size must be an integer

#Case 7: Empty list argument
>>> print_square([])
Traceback (most recent call last):
  	...
TypeError: size must be an integer

#Case 8: Empty dictionary argument
>>> print_square({})
Traceback (most recent call last):
  	...
TypeError: size must be an integer

#Case 9: Empty tuple argument
>>> print_square(())
Traceback (most recent call last):
  	...
TypeError: size must be an integer

#Case 10: Two Integer input
>>> print_square(2, 4)
Traceback (most recent call last):
  	...
TypeError: print_square() takes 1 positional argument but 2 were given

